Generated at 2019-03-08 14:55:58 -0800
Chef::Exceptions::EnclosingDirectoryDoesNotExist: directory[/var/local/tslaq-prices/bin] (tslaq-prices-basic::default line 19) had an error: Chef::Exceptions::EnclosingDirectoryDoesNotExist: Parent directory /var/local/tslaq-prices does not exist, cannot create /var/local/tslaq-prices/bin
/var/lib/gems/2.5.0/gems/chef-14.11.21/lib/chef/mixin/why_run.rb:238:in `run'
/var/lib/gems/2.5.0/gems/chef-14.11.21/lib/chef/mixin/why_run.rb:316:in `block in run'
/var/lib/gems/2.5.0/gems/chef-14.11.21/lib/chef/mixin/why_run.rb:315:in `each'
/var/lib/gems/2.5.0/gems/chef-14.11.21/lib/chef/mixin/why_run.rb:315:in `run'
/var/lib/gems/2.5.0/gems/chef-14.11.21/lib/chef/provider.rb:192:in `process_resource_requirements'
/var/lib/gems/2.5.0/gems/chef-14.11.21/lib/chef/provider.rb:170:in `run_action'
/var/lib/gems/2.5.0/gems/chef-14.11.21/lib/chef/resource.rb:578:in `run_action'
/var/lib/gems/2.5.0/gems/chef-14.11.21/lib/chef/runner.rb:70:in `run_action'
/var/lib/gems/2.5.0/gems/chef-14.11.21/lib/chef/runner.rb:98:in `block (2 levels) in converge'
/var/lib/gems/2.5.0/gems/chef-14.11.21/lib/chef/runner.rb:98:in `each'
/var/lib/gems/2.5.0/gems/chef-14.11.21/lib/chef/runner.rb:98:in `block in converge'
/var/lib/gems/2.5.0/gems/chef-14.11.21/lib/chef/resource_collection/resource_list.rb:94:in `block in execute_each_resource'
/var/lib/gems/2.5.0/gems/chef-14.11.21/lib/chef/resource_collection/stepable_iterator.rb:114:in `call_iterator_block'
/var/lib/gems/2.5.0/gems/chef-14.11.21/lib/chef/resource_collection/stepable_iterator.rb:85:in `step'
/var/lib/gems/2.5.0/gems/chef-14.11.21/lib/chef/resource_collection/stepable_iterator.rb:103:in `iterate'
/var/lib/gems/2.5.0/gems/chef-14.11.21/lib/chef/resource_collection/stepable_iterator.rb:55:in `each_with_index'
/var/lib/gems/2.5.0/gems/chef-14.11.21/lib/chef/resource_collection/resource_list.rb:92:in `execute_each_resource'
/var/lib/gems/2.5.0/gems/chef-14.11.21/lib/chef/runner.rb:97:in `converge'
/var/lib/gems/2.5.0/gems/chef-14.11.21/lib/chef/client.rb:720:in `block in converge'
/var/lib/gems/2.5.0/gems/chef-14.11.21/lib/chef/client.rb:715:in `catch'
/var/lib/gems/2.5.0/gems/chef-14.11.21/lib/chef/client.rb:715:in `converge'
/var/lib/gems/2.5.0/gems/chef-14.11.21/lib/chef/client.rb:754:in `converge_and_save'
/var/lib/gems/2.5.0/gems/chef-14.11.21/lib/chef/client.rb:286:in `run'
/var/lib/gems/2.5.0/gems/chef-14.11.21/lib/chef/application.rb:303:in `run_with_graceful_exit_option'
/var/lib/gems/2.5.0/gems/chef-14.11.21/lib/chef/application.rb:279:in `block in run_chef_client'
/var/lib/gems/2.5.0/gems/chef-14.11.21/lib/chef/local_mode.rb:44:in `with_server_connectivity'
/var/lib/gems/2.5.0/gems/chef-14.11.21/lib/chef/application.rb:261:in `run_chef_client'
/var/lib/gems/2.5.0/gems/chef-14.11.21/lib/chef/application/client.rb:444:in `run_application'
/var/lib/gems/2.5.0/gems/chef-14.11.21/lib/chef/application.rb:66:in `run'
/var/lib/gems/2.5.0/gems/chef-14.11.21/lib/chef/application/solo.rb:224:in `run'
/var/lib/gems/2.5.0/gems/chef-14.11.21/bin/chef-solo:24:in `<top (required)>'
/usr/local/bin/chef-solo:23:in `load'
/usr/local/bin/chef-solo:23:in `<main>'

>>>> Caused by Chef::Exceptions::EnclosingDirectoryDoesNotExist: Parent directory /var/local/tslaq-prices does not exist, cannot create /var/local/tslaq-prices/bin
/var/lib/gems/2.5.0/gems/chef-14.11.21/lib/chef/mixin/why_run.rb:238:in `run'
/var/lib/gems/2.5.0/gems/chef-14.11.21/lib/chef/mixin/why_run.rb:316:in `block in run'
/var/lib/gems/2.5.0/gems/chef-14.11.21/lib/chef/mixin/why_run.rb:315:in `each'
/var/lib/gems/2.5.0/gems/chef-14.11.21/lib/chef/mixin/why_run.rb:315:in `run'
/var/lib/gems/2.5.0/gems/chef-14.11.21/lib/chef/provider.rb:192:in `process_resource_requirements'
/var/lib/gems/2.5.0/gems/chef-14.11.21/lib/chef/provider.rb:170:in `run_action'
/var/lib/gems/2.5.0/gems/chef-14.11.21/lib/chef/resource.rb:578:in `run_action'
/var/lib/gems/2.5.0/gems/chef-14.11.21/lib/chef/runner.rb:70:in `run_action'
/var/lib/gems/2.5.0/gems/chef-14.11.21/lib/chef/runner.rb:98:in `block (2 levels) in converge'
/var/lib/gems/2.5.0/gems/chef-14.11.21/lib/chef/runner.rb:98:in `each'
/var/lib/gems/2.5.0/gems/chef-14.11.21/lib/chef/runner.rb:98:in `block in converge'
/var/lib/gems/2.5.0/gems/chef-14.11.21/lib/chef/resource_collection/resource_list.rb:94:in `block in execute_each_resource'
/var/lib/gems/2.5.0/gems/chef-14.11.21/lib/chef/resource_collection/stepable_iterator.rb:114:in `call_iterator_block'
/var/lib/gems/2.5.0/gems/chef-14.11.21/lib/chef/resource_collection/stepable_iterator.rb:85:in `step'
/var/lib/gems/2.5.0/gems/chef-14.11.21/lib/chef/resource_collection/stepable_iterator.rb:103:in `iterate'
/var/lib/gems/2.5.0/gems/chef-14.11.21/lib/chef/resource_collection/stepable_iterator.rb:55:in `each_with_index'
/var/lib/gems/2.5.0/gems/chef-14.11.21/lib/chef/resource_collection/resource_list.rb:92:in `execute_each_resource'
/var/lib/gems/2.5.0/gems/chef-14.11.21/lib/chef/runner.rb:97:in `converge'
/var/lib/gems/2.5.0/gems/chef-14.11.21/lib/chef/client.rb:720:in `block in converge'
/var/lib/gems/2.5.0/gems/chef-14.11.21/lib/chef/client.rb:715:in `catch'
/var/lib/gems/2.5.0/gems/chef-14.11.21/lib/chef/client.rb:715:in `converge'
/var/lib/gems/2.5.0/gems/chef-14.11.21/lib/chef/client.rb:754:in `converge_and_save'
/var/lib/gems/2.5.0/gems/chef-14.11.21/lib/chef/client.rb:286:in `run'
/var/lib/gems/2.5.0/gems/chef-14.11.21/lib/chef/application.rb:303:in `run_with_graceful_exit_option'
/var/lib/gems/2.5.0/gems/chef-14.11.21/lib/chef/application.rb:279:in `block in run_chef_client'
/var/lib/gems/2.5.0/gems/chef-14.11.21/lib/chef/local_mode.rb:44:in `with_server_connectivity'
/var/lib/gems/2.5.0/gems/chef-14.11.21/lib/chef/application.rb:261:in `run_chef_client'
/var/lib/gems/2.5.0/gems/chef-14.11.21/lib/chef/application/client.rb:444:in `run_application'
/var/lib/gems/2.5.0/gems/chef-14.11.21/lib/chef/application.rb:66:in `run'
/var/lib/gems/2.5.0/gems/chef-14.11.21/lib/chef/application/solo.rb:224:in `run'
/var/lib/gems/2.5.0/gems/chef-14.11.21/bin/chef-solo:24:in `<top (required)>'
/usr/local/bin/chef-solo:23:in `load'
/usr/local/bin/chef-solo:23:in `<main>'