Generated at 2019-03-08 13:33:01 -0800
Net::HTTPFatalError: 500 "Internal Server Error"
/usr/lib/ruby/2.5.0/net/http/response.rb:122:in `error!'
/usr/lib/ruby/vendor_ruby/chef/http.rb:152:in `request'
/usr/lib/ruby/vendor_ruby/chef/http.rb:131:in `post'
/usr/lib/ruby/vendor_ruby/chef/node.rb:610:in `create'
/usr/lib/ruby/vendor_ruby/chef/node.rb:568:in `rescue in find_or_create'
/usr/lib/ruby/vendor_ruby/chef/node.rb:563:in `find_or_create'
/usr/lib/ruby/vendor_ruby/chef/policy_builder/dynamic.rb:72:in `load_node'
/usr/lib/ruby/vendor_ruby/chef/client.rb:470:in `load_node'
/usr/lib/ruby/vendor_ruby/chef/client.rb:270:in `run'
/usr/lib/ruby/vendor_ruby/chef/application.rb:292:in `block in fork_chef_client'
/usr/lib/ruby/vendor_ruby/chef/application.rb:280:in `fork'
/usr/lib/ruby/vendor_ruby/chef/application.rb:280:in `fork_chef_client'
/usr/lib/ruby/vendor_ruby/chef/application.rb:245:in `block in run_chef_client'
/usr/lib/ruby/vendor_ruby/chef/local_mode.rb:44:in `with_server_connectivity'
/usr/lib/ruby/vendor_ruby/chef/application.rb:233:in `run_chef_client'
/usr/lib/ruby/vendor_ruby/chef/application/client.rb:469:in `sleep_then_run_chef_client'
/usr/lib/ruby/vendor_ruby/chef/application/client.rb:458:in `block in interval_run_chef_client'
/usr/lib/ruby/vendor_ruby/chef/application/client.rb:457:in `loop'
/usr/lib/ruby/vendor_ruby/chef/application/client.rb:457:in `interval_run_chef_client'
/usr/lib/ruby/vendor_ruby/chef/application/client.rb:441:in `run_application'
/usr/lib/ruby/vendor_ruby/chef/application.rb:59:in `run'
/usr/lib/ruby/vendor_ruby/chef/application/solo.rb:225:in `run'
/usr/bin/chef-solo:25:in `<main>'

>>>> Caused by Net::HTTPServerException: 404 "Not Found"
/usr/lib/ruby/2.5.0/net/http/response.rb:122:in `error!'
/usr/lib/ruby/vendor_ruby/chef/http.rb:152:in `request'
/usr/lib/ruby/vendor_ruby/chef/http.rb:115:in `get'
/usr/lib/ruby/vendor_ruby/chef/node.rb:580:in `load'
/usr/lib/ruby/vendor_ruby/chef/node.rb:564:in `find_or_create'
/usr/lib/ruby/vendor_ruby/chef/policy_builder/dynamic.rb:72:in `load_node'
/usr/lib/ruby/vendor_ruby/chef/client.rb:470:in `load_node'
/usr/lib/ruby/vendor_ruby/chef/client.rb:270:in `run'
/usr/lib/ruby/vendor_ruby/chef/application.rb:292:in `block in fork_chef_client'
/usr/lib/ruby/vendor_ruby/chef/application.rb:280:in `fork'
/usr/lib/ruby/vendor_ruby/chef/application.rb:280:in `fork_chef_client'
/usr/lib/ruby/vendor_ruby/chef/application.rb:245:in `block in run_chef_client'
/usr/lib/ruby/vendor_ruby/chef/local_mode.rb:44:in `with_server_connectivity'
/usr/lib/ruby/vendor_ruby/chef/application.rb:233:in `run_chef_client'
/usr/lib/ruby/vendor_ruby/chef/application/client.rb:469:in `sleep_then_run_chef_client'
/usr/lib/ruby/vendor_ruby/chef/application/client.rb:458:in `block in interval_run_chef_client'
/usr/lib/ruby/vendor_ruby/chef/application/client.rb:457:in `loop'
/usr/lib/ruby/vendor_ruby/chef/application/client.rb:457:in `interval_run_chef_client'
/usr/lib/ruby/vendor_ruby/chef/application/client.rb:441:in `run_application'
/usr/lib/ruby/vendor_ruby/chef/application.rb:59:in `run'
/usr/lib/ruby/vendor_ruby/chef/application/solo.rb:225:in `run'
/usr/bin/chef-solo:25:in `<main>'